#modperl specfic functions

MODULE=Apache::RequestUtil   PACKAGE=guess
 mpxs_Apache__RequestRec_push_handlers
 mpxs_Apache__RequestRec_set_handlers
 mpxs_Apache__RequestRec_get_handlers

 #protocol module helpers
 mpxs_Apache__RequestRec_location_merge
 mpxs_Apache__RequestRec_set_basic_credentials
PACKAGE=Apache::RequestRec
 mpxs_Apache__RequestRec_new | | classname, c, base_pool=NULL
PACKAGE=Apache
 mpxs_Apache_request | | classname, svr=Nullsv

MODULE=Apache::RequestIO   PACKAGE=Apache::RequestRec
 SV *:DEFINE_TIEHANDLE   | | SV *:stashsv, SV *:sv=Nullsv
 apr_size_t:DEFINE_PRINT | | ...
 mpxs_Apache__RequestRec_sendfile | | r, filename=r->filename, offset=0, len=0
 mpxs_Apache__RequestRec_read | | r, buffer, bufsiz, offset=0
 long:DEFINE_READ | | request_rec *:r, SV *:buffer, int:bufsiz, int:offset=0

MODULE=Apache::ServerUtil   PACKAGE=guess
 mpxs_Apache__Server_push_handlers
 mpxs_Apache__Server_set_handlers
 mpxs_Apache__Server_get_handlers

MODULE=Apache::Filter
 modperl_filter_attributes | MPXS_ | ... | MODIFY_CODE_ATTRIBUTES

 mpxs_Apache__Filter_print | | ...
 mpxs_Apache__Filter_read  | | ...

 SV *:DEFINE_TIEHANDLE | | SV *:stashsv, SV *:sv=Nullsv
 int:DEFINE_PRINT      | | ...

MODULE=Apache::Log   PACKAGE=Apache::Log   BOOT=1

DEFINE_error  | MPXS_Apache__Log_dispatch | ...
DEFINE_emerg  | MPXS_Apache__Log_dispatch | ...
DEFINE_alert  | MPXS_Apache__Log_dispatch | ...
DEFINE_warn   | MPXS_Apache__Log_dispatch | ...
DEFINE_notice | MPXS_Apache__Log_dispatch | ...
DEFINE_info   | MPXS_Apache__Log_dispatch | ...
DEFINE_debug  | MPXS_Apache__Log_dispatch | ...
DEFINE_crit   | MPXS_Apache__Log_dispatch | ...

PACKAGE=Apache::RequestRec
SV *:DEFINE_log   | | SV *:obj
DEFINE_log_rerror | MPXS_Apache__Log_log_xerror | ...
DEFINE_log_error  | MPXS_Apache__Log_log_error  | ...

PACKAGE=Apache::Server
SV *:DEFINE_log   | | SV *:obj
DEFINE_log_serror | MPXS_Apache__Log_log_xerror | ...
DEFINE_log_error  | MPXS_Apache__Log_log_error  | ...
DEFINE_warn       | MPXS_Apache__Log_log_error  | ...

PACKAGE=Apache

DEFINE_LOG_MARK   | MPXS_Apache_LOG_MARK       | ...
DEFINE_warn       | MPXS_Apache__Log_log_error | ...
